// Vitest Snapshot v1, https://vitest.dev/guide/snapshot.html

exports[`tokenizeAttrs > should tokenize a string of attributes 1`] = `
[
  {
    "col": 1,
    "line": 1,
    "lineBreaks": 0,
    "offset": 0,
    "text": "id",
    "toString": [Function],
    "type": "name",
    "value": "id",
  },
  {
    "col": 3,
    "line": 1,
    "lineBreaks": 0,
    "offset": 2,
    "text": "=",
    "toString": [Function],
    "type": "separator",
    "value": "=",
  },
  {
    "col": 4,
    "line": 1,
    "lineBreaks": 0,
    "offset": 3,
    "text": "\\"foo\\"",
    "toString": [Function],
    "type": "doubleQuotedvalue",
    "value": "foo",
  },
  {
    "col": 9,
    "line": 1,
    "lineBreaks": 0,
    "offset": 8,
    "text": " ",
    "toString": [Function],
    "type": "whitespace",
    "value": " ",
  },
  {
    "col": 10,
    "line": 1,
    "lineBreaks": 0,
    "offset": 9,
    "text": "class",
    "toString": [Function],
    "type": "name",
    "value": "class",
  },
  {
    "col": 15,
    "line": 1,
    "lineBreaks": 0,
    "offset": 14,
    "text": "=",
    "toString": [Function],
    "type": "separator",
    "value": "=",
  },
  {
    "col": 16,
    "line": 1,
    "lineBreaks": 0,
    "offset": 15,
    "text": "'bar'",
    "toString": [Function],
    "type": "singleQuotedvalue",
    "value": "bar",
  },
  {
    "col": 21,
    "line": 1,
    "lineBreaks": 0,
    "offset": 20,
    "text": " ",
    "toString": [Function],
    "type": "whitespace",
    "value": " ",
  },
  {
    "col": 22,
    "line": 1,
    "lineBreaks": 0,
    "offset": 21,
    "text": "num",
    "toString": [Function],
    "type": "name",
    "value": "num",
  },
  {
    "col": 25,
    "line": 1,
    "lineBreaks": 0,
    "offset": 24,
    "text": "=",
    "toString": [Function],
    "type": "separator",
    "value": "=",
  },
  {
    "col": 26,
    "line": 1,
    "lineBreaks": 0,
    "offset": 25,
    "text": "\\"3.14\\"",
    "toString": [Function],
    "type": "doubleQuotedvalue",
    "value": 3.14,
  },
  {
    "col": 32,
    "line": 1,
    "lineBreaks": 0,
    "offset": 31,
    "text": " ",
    "toString": [Function],
    "type": "whitespace",
    "value": " ",
  },
  {
    "col": 33,
    "line": 1,
    "lineBreaks": 0,
    "offset": 32,
    "text": "data-value",
    "toString": [Function],
    "type": "name",
    "value": "data-value",
  },
  {
    "col": 43,
    "line": 1,
    "lineBreaks": 0,
    "offset": 42,
    "text": "=",
    "toString": [Function],
    "type": "separator",
    "value": "=",
  },
  {
    "col": 44,
    "line": 1,
    "lineBreaks": 0,
    "offset": 43,
    "text": "baz",
    "toString": [Function],
    "type": "unquotedvalue",
    "value": "baz",
  },
  {
    "col": 47,
    "line": 1,
    "lineBreaks": 0,
    "offset": 46,
    "text": " ",
    "toString": [Function],
    "type": "whitespace",
    "value": " ",
  },
  {
    "col": 48,
    "line": 1,
    "lineBreaks": 0,
    "offset": 47,
    "text": "name",
    "toString": [Function],
    "type": "name",
    "value": "name",
  },
  {
    "col": 52,
    "line": 1,
    "lineBreaks": 0,
    "offset": 51,
    "text": "=",
    "toString": [Function],
    "type": "separator",
    "value": "=",
  },
  {
    "col": 53,
    "line": 1,
    "lineBreaks": 0,
    "offset": 52,
    "text": "\\"@myName\\"",
    "toString": [Function],
    "type": "doubleQuotedvalue",
    "value": "@myName",
  },
  {
    "col": 62,
    "line": 1,
    "lineBreaks": 0,
    "offset": 61,
    "text": " ",
    "toString": [Function],
    "type": "whitespace",
    "value": " ",
  },
  {
    "col": 63,
    "line": 1,
    "lineBreaks": 0,
    "offset": 62,
    "text": "data-value",
    "toString": [Function],
    "type": "name",
    "value": "data-value",
  },
  {
    "col": 73,
    "line": 1,
    "lineBreaks": 0,
    "offset": 72,
    "text": "=",
    "toString": [Function],
    "type": "separator",
    "value": "=",
  },
  {
    "col": 74,
    "line": 1,
    "lineBreaks": 0,
    "offset": 73,
    "text": "\\"[1, 2, 3]\\"",
    "toString": [Function],
    "type": "doubleQuotedvalue",
    "value": [
      1,
      2,
      3,
    ],
  },
  {
    "col": 85,
    "line": 1,
    "lineBreaks": 0,
    "offset": 84,
    "text": " ",
    "toString": [Function],
    "type": "whitespace",
    "value": " ",
  },
  {
    "col": 86,
    "line": 1,
    "lineBreaks": 0,
    "offset": 85,
    "text": "fooBar",
    "toString": [Function],
    "type": "name",
    "value": "fooBar",
  },
  {
    "col": 92,
    "line": 1,
    "lineBreaks": 0,
    "offset": 91,
    "text": "=",
    "toString": [Function],
    "type": "separator",
    "value": "=",
  },
  {
    "col": 93,
    "line": 1,
    "lineBreaks": 0,
    "offset": 92,
    "text": "\\"{foo: 'bar'}\\"",
    "toString": [Function],
    "type": "doubleQuotedvalue",
    "value": {
      "foo": "bar",
    },
  },
  {
    "col": 107,
    "line": 1,
    "lineBreaks": 0,
    "offset": 106,
    "text": " ",
    "toString": [Function],
    "type": "whitespace",
    "value": " ",
  },
  {
    "col": 108,
    "line": 1,
    "lineBreaks": 0,
    "offset": 107,
    "text": "checked",
    "toString": [Function],
    "type": "name",
    "value": "checked",
  },
  {
    "col": 115,
    "line": 1,
    "lineBreaks": 0,
    "offset": 114,
    "text": "=",
    "toString": [Function],
    "type": "separator",
    "value": "=",
  },
  {
    "col": 116,
    "line": 1,
    "lineBreaks": 0,
    "offset": 115,
    "text": "false",
    "toString": [Function],
    "type": "unquotedvalue",
    "value": false,
  },
  {
    "col": 121,
    "line": 1,
    "lineBreaks": 0,
    "offset": 120,
    "text": " ",
    "toString": [Function],
    "type": "whitespace",
    "value": " ",
  },
  {
    "col": 122,
    "line": 1,
    "lineBreaks": 0,
    "offset": 121,
    "text": "disabled",
    "toString": [Function],
    "type": "name",
    "value": "disabled",
  },
]
`;
