// Vitest Snapshot v1, https://vitest.dev/guide/snapshot.html

exports[`should parse attributes into key-value pairs 1`] = `
[
  {
    "col": 1,
    "line": 1,
    "lineBreaks": 0,
    "offset": 0,
    "text": "id",
    "toString": [Function],
    "type": "AttributeName",
    "value": "id",
  },
  {
    "col": 3,
    "line": 1,
    "lineBreaks": 0,
    "offset": 2,
    "text": "=",
    "toString": [Function],
    "type": "Separator",
    "value": "=",
  },
  {
    "col": 4,
    "line": 1,
    "lineBreaks": 0,
    "offset": 3,
    "text": ""my-id"",
    "toString": [Function],
    "type": "StringLiteral",
    "value": "my-id",
  },
  {
    "col": 11,
    "line": 1,
    "lineBreaks": 0,
    "offset": 10,
    "text": " ",
    "toString": [Function],
    "type": "WhiteSpace",
    "value": " ",
  },
  {
    "col": 12,
    "line": 1,
    "lineBreaks": 0,
    "offset": 11,
    "text": "class",
    "toString": [Function],
    "type": "AttributeName",
    "value": "class",
  },
  {
    "col": 17,
    "line": 1,
    "lineBreaks": 0,
    "offset": 16,
    "text": "=",
    "toString": [Function],
    "type": "Separator",
    "value": "=",
  },
  {
    "col": 18,
    "line": 1,
    "lineBreaks": 0,
    "offset": 17,
    "text": ""my-class"",
    "toString": [Function],
    "type": "StringLiteral",
    "value": "my-class",
  },
  {
    "col": 28,
    "line": 1,
    "lineBreaks": 0,
    "offset": 27,
    "text": " ",
    "toString": [Function],
    "type": "WhiteSpace",
    "value": " ",
  },
  {
    "col": 29,
    "line": 1,
    "lineBreaks": 0,
    "offset": 28,
    "text": "num",
    "toString": [Function],
    "type": "AttributeName",
    "value": "num",
  },
  {
    "col": 32,
    "line": 1,
    "lineBreaks": 0,
    "offset": 31,
    "text": "=",
    "toString": [Function],
    "type": "Separator",
    "value": "=",
  },
  {
    "col": 33,
    "line": 1,
    "lineBreaks": 0,
    "offset": 32,
    "text": "3.14",
    "toString": [Function],
    "type": "NumericLiteral",
    "value": 3.14,
  },
  {
    "col": 37,
    "line": 1,
    "lineBreaks": 0,
    "offset": 36,
    "text": " ",
    "toString": [Function],
    "type": "WhiteSpace",
    "value": " ",
  },
  {
    "col": 38,
    "line": 1,
    "lineBreaks": 0,
    "offset": 37,
    "text": "numNeg",
    "toString": [Function],
    "type": "AttributeName",
    "value": "numNeg",
  },
  {
    "col": 44,
    "line": 1,
    "lineBreaks": 0,
    "offset": 43,
    "text": "=",
    "toString": [Function],
    "type": "Separator",
    "value": "=",
  },
  {
    "col": 45,
    "line": 1,
    "lineBreaks": 0,
    "offset": 44,
    "text": "-3.14",
    "toString": [Function],
    "type": "NumericLiteral",
    "value": -3.14,
  },
  {
    "col": 50,
    "line": 1,
    "lineBreaks": 0,
    "offset": 49,
    "text": " ",
    "toString": [Function],
    "type": "WhiteSpace",
    "value": " ",
  },
  {
    "col": 51,
    "line": 1,
    "lineBreaks": 0,
    "offset": 50,
    "text": "data-num",
    "toString": [Function],
    "type": "AttributeName",
    "value": "data-num",
  },
  {
    "col": 59,
    "line": 1,
    "lineBreaks": 0,
    "offset": 58,
    "text": "=",
    "toString": [Function],
    "type": "Separator",
    "value": "=",
  },
  {
    "col": 60,
    "line": 1,
    "lineBreaks": 0,
    "offset": 59,
    "text": ""3.14"",
    "toString": [Function],
    "type": "StringLiteral",
    "value": "3.14",
  },
  {
    "col": 66,
    "line": 1,
    "lineBreaks": 0,
    "offset": 65,
    "text": " ",
    "toString": [Function],
    "type": "WhiteSpace",
    "value": " ",
  },
  {
    "col": 67,
    "line": 1,
    "lineBreaks": 0,
    "offset": 66,
    "text": "options",
    "toString": [Function],
    "type": "AttributeName",
    "value": "options",
  },
  {
    "col": 74,
    "line": 1,
    "lineBreaks": 0,
    "offset": 73,
    "text": "=",
    "toString": [Function],
    "type": "Separator",
    "value": "=",
  },
  {
    "col": 75,
    "line": 1,
    "lineBreaks": 0,
    "offset": 74,
    "text": "'{"key":"value","array":[1,2,3]}'",
    "toString": [Function],
    "type": "StringLiteral",
    "value": {
      "array": [
        1,
        2,
        3,
      ],
      "key": "value",
    },
  },
  {
    "col": 108,
    "line": 1,
    "lineBreaks": 0,
    "offset": 107,
    "text": " ",
    "toString": [Function],
    "type": "WhiteSpace",
    "value": " ",
  },
  {
    "col": 109,
    "line": 1,
    "lineBreaks": 0,
    "offset": 108,
    "text": "data-list",
    "toString": [Function],
    "type": "AttributeName",
    "value": "data-list",
  },
  {
    "col": 118,
    "line": 1,
    "lineBreaks": 0,
    "offset": 117,
    "text": "=",
    "toString": [Function],
    "type": "Separator",
    "value": "=",
  },
  {
    "col": 119,
    "line": 1,
    "lineBreaks": 0,
    "offset": 118,
    "text": "'[1,2,3]'",
    "toString": [Function],
    "type": "StringLiteral",
    "value": [
      1,
      2,
      3,
    ],
  },
  {
    "col": 128,
    "line": 1,
    "lineBreaks": 0,
    "offset": 127,
    "text": " ",
    "toString": [Function],
    "type": "WhiteSpace",
    "value": " ",
  },
  {
    "col": 129,
    "line": 1,
    "lineBreaks": 0,
    "offset": 128,
    "text": "punc",
    "toString": [Function],
    "type": "AttributeName",
    "value": "punc",
  },
  {
    "col": 133,
    "line": 1,
    "lineBreaks": 0,
    "offset": 132,
    "text": "=",
    "toString": [Function],
    "type": "Separator",
    "value": "=",
  },
  {
    "col": 134,
    "line": 1,
    "lineBreaks": 0,
    "offset": 133,
    "text": ""a=b,c,d,e"",
    "toString": [Function],
    "type": "StringLiteral",
    "value": "a=b,c,d,e",
  },
  {
    "col": 145,
    "line": 1,
    "lineBreaks": 0,
    "offset": 144,
    "text": " ",
    "toString": [Function],
    "type": "WhiteSpace",
    "value": " ",
  },
  {
    "col": 146,
    "line": 1,
    "lineBreaks": 0,
    "offset": 145,
    "text": "checked",
    "toString": [Function],
    "type": "AttributeName",
    "value": "checked",
  },
  {
    "col": 153,
    "line": 1,
    "lineBreaks": 0,
    "offset": 152,
    "text": "=",
    "toString": [Function],
    "type": "Separator",
    "value": "=",
  },
  {
    "col": 154,
    "line": 1,
    "lineBreaks": 0,
    "offset": 153,
    "text": "false",
    "toString": [Function],
    "type": "BooleanLiteral",
    "value": false,
  },
  {
    "col": 159,
    "line": 1,
    "lineBreaks": 0,
    "offset": 158,
    "text": " ",
    "toString": [Function],
    "type": "WhiteSpace",
    "value": " ",
  },
  {
    "col": 160,
    "line": 1,
    "lineBreaks": 0,
    "offset": 159,
    "text": "data-checked",
    "toString": [Function],
    "type": "AttributeName",
    "value": "data-checked",
  },
  {
    "col": 172,
    "line": 1,
    "lineBreaks": 0,
    "offset": 171,
    "text": "=",
    "toString": [Function],
    "type": "Separator",
    "value": "=",
  },
  {
    "col": 173,
    "line": 1,
    "lineBreaks": 0,
    "offset": 172,
    "text": ""false"",
    "toString": [Function],
    "type": "StringLiteral",
    "value": "false",
  },
  {
    "col": 180,
    "line": 1,
    "lineBreaks": 0,
    "offset": 179,
    "text": " ",
    "toString": [Function],
    "type": "WhiteSpace",
    "value": " ",
  },
  {
    "col": 181,
    "line": 1,
    "lineBreaks": 0,
    "offset": 180,
    "text": "disabled",
    "toString": [Function],
    "type": "AttributeName",
    "value": "disabled",
  },
  {
    "col": 189,
    "line": 1,
    "lineBreaks": 0,
    "offset": 188,
    "text": "=",
    "toString": [Function],
    "type": "Separator",
    "value": "=",
  },
  {
    "col": 190,
    "line": 1,
    "lineBreaks": 0,
    "offset": 189,
    "text": ""disabled"",
    "toString": [Function],
    "type": "StringLiteral",
    "value": "disabled",
  },
]
`;
